[demo.hot-themes.com/joomla/paradise/index.html]
[backblue.gif]
[fade.gif]
[index.html]
[demo.hot-themes.com/joomla/paradise/templates/sparky_framework/images/icons/favicon.ico]
[demo.hot-themes.com/joomla/paradise/templates/sparky_framework/images/icons/icon180x180.png]
[demo.hot-themes.com/joomla/paradise/templates/sparky_framework/images/icons/icon192x192.png]
[demo.hot-themes.com/joomla/paradise/indexc0d0.php]
[demo.hot-themes.com/joomla/paradise/index7b17.php]
[demo.hot-themes.com/joomla/paradise/templates/sparky_framework/css/normalize.css]
[demo.hot-themes.com/joomla/paradise/index.php/component/search/indexe2ad.html]
[demo.hot-themes.com/joomla/paradise/media/jui/css/bootstrap.min.css]
[demo.hot-themes.com/joomla/paradise/templates/sparky_framework/css/sparky-id83-180526075302.css]
[demo.hot-themes.com/joomla/paradise/modules/mod_hot_counters/css/style.css]
[demo.hot-themes.com/joomla/paradise/modules/mod_hot_swipe_carousel/tmpl/style.css]
[demo.hot-themes.com/joomla/paradise/media/jui/js/jquery-noconflict0ba0.js]
[demo.hot-themes.com/joomla/paradise/media/jui/js/jquery-migrate.min0ba0.js]
[demo.hot-themes.com/joomla/paradise/media/jui/js/jquery.min0ba0.js]
[demo.hot-themes.com/joomla/paradise/media/system/js/caption0ba0.js]
[demo.hot-themes.com/joomla/paradise/media/jui/js/bootstrap.min0ba0.js]
[demo.hot-themes.com/joomla/paradise/templates/sparky_framework/js/sparky-id83-180526075302.js]
[demo.hot-themes.com/joomla/paradise/modules/mod_hot_counters/js/jquery.appear.js]
[demo.hot-themes.com/joomla/paradise/modules/mod_hot_counters/js/jquery.animateNumber.min.js]
[demo.hot-themes.com/joomla/paradise/modules/mod_hot_swipe_carousel/js/flickity.pkgd.min.js]
[demo.hot-themes.com/joomla/paradise/templates/sparky_framework/js/responsive-nav.min.js]
[demo.hot-themes.com/joomla/paradise/index-2.html]
[demo.hot-themes.com/joomla/paradise/index.php/about-us.html]
[demo.hot-themes.com/joomla/paradise/index.php/gallery.html]
[demo.hot-themes.com/joomla/paradise/index.php/features/extensions/hot-swipe-carousel.html]
[demo.hot-themes.com/joomla/paradise/index.php/features/extensions/hot-responsive-lightbox.html]
[demo.hot-themes.com/joomla/paradise/index.php/features/extensions/hot-slicebox.html]
[demo.hot-themes.com/joomla/paradise/index.php/features/extensions/hot-maps.html]
[demo.hot-themes.com/joomla/paradise/index.php/features/extensions/hot-counters.html]
[demo.hot-themes.com/joomla/paradise/index.php/features/infinite-color-schemes.html]
[demo.hot-themes.com/joomla/paradise/indexa998.html]
[demo.hot-themes.com/joomla/paradise/index655a.html]
[demo.hot-themes.com/joomla/paradise/index28f0.html]
[demo.hot-themes.com/joomla/paradise/index2262.html]
[demo.hot-themes.com/joomla/paradise/index.php/features/drop-down-menu.html]
[demo.hot-themes.com/joomla/paradise/index.php/features/installation-and-usage.html]
[demo.hot-themes.com/joomla/paradise/index.php/features/module-positions.html]
[demo.hot-themes.com/joomla/paradise/index.php/features/no-conflicts.html]
[demo.hot-themes.com/joomla/paradise/index.php/features/seo-friendly.html]
[demo.hot-themes.com/joomla/paradise/index.php/features/search-site.html]
[demo.hot-themes.com/joomla/paradise/index.php/features/typography.html]
[demo.hot-themes.com/joomla/paradise/index.php/blog.html]
[demo.hot-themes.com/joomla/paradise/index.php/contact-us.html]
[demo.hot-themes.com/joomla/paradise/templates/sparky_framework/images/searchButton.gif]
[demo.hot-themes.com/joomla/paradise/images/carousel/slide1.jpg]
[demo.hot-themes.com/joomla/paradise/images/carousel/slide2.jpg]
[demo.hot-themes.com/joomla/paradise/index.php/beaches-pools.html]
[demo.hot-themes.com/joomla/paradise/images/carousel/slide3.jpg]
[demo.hot-themes.com/joomla/paradise/index.php/delicious-food.html]
[demo.hot-themes.com/joomla/paradise/images/carousel/slide4.jpg]
[demo.hot-themes.com/joomla/paradise/index.php/exotic-drinks.html]
[demo.hot-themes.com/joomla/paradise/images/carousel/slide5.jpg]
[demo.hot-themes.com/joomla/paradise/index.php/sport-activities.html]
[demo.hot-themes.com/joomla/paradise/images/services/beach_volley.jpg]
[demo.hot-themes.com/joomla/paradise/images/services/pool.jpg]
[demo.hot-themes.com/joomla/paradise/images/services/food.jpg]
[demo.hot-themes.com/joomla/paradise/images/services/cocktail.jpg]
[demo.hot-themes.com/joomla/paradise/images/counters/fruit_salad.png]
[demo.hot-themes.com/joomla/paradise/images/counters/pretzel.png]
[demo.hot-themes.com/joomla/paradise/images/counters/cocktail.png]
[demo.hot-themes.com/joomla/paradise/images/counters/piano.png]
[demo.hot-themes.com/joomla/paradise/images/blog/room.jpg]
[demo.hot-themes.com/joomla/paradise/index.php/rooms-suites.html]
[demo.hot-themes.com/joomla/paradise/images/blog/restaurant.jpg]
[demo.hot-themes.com/joomla/paradise/index.php/restaurant.html]
[demo.hot-themes.com/joomla/paradise/images/testimonials/helena.jpg]
[demo.hot-themes.com/joomla/paradise/images/testimonials/marcus.jpg]
[demo.hot-themes.com/joomla/paradise/index.php/beach-volley.html]
[demo.hot-themes.com/joomla/paradise/index.php/scuba-diving-school.html]
[demo.hot-themes.com/joomla/paradise/index.php/swimming-deep-diving.html]
[demo.hot-themes.com/joomla/paradise/index.php/tennis-courts-equippment.html]
[demo.hot-themes.com/joomla/paradise/index.php/billiard-snooker-tables.html]
[demo.hot-themes.com/joomla/paradise/index.php/darts-tournments.html]
[demo.hot-themes.com/joomla/paradise/index.php/main-restaurant.html]
[demo.hot-themes.com/joomla/paradise/index.php/chinese-restaurant.html]
[demo.hot-themes.com/joomla/paradise/index.php/pizzeria-italian-food.html]
[demo.hot-themes.com/joomla/paradise/index.php/fast-food-drink-bars.html]
[demo.hot-themes.com/joomla/paradise/index.php/a-la-cart-restaurants.html]
[demo.hot-themes.com/joomla/paradise/index.php/local-organic-winery.html]
[demo.hot-themes.com/joomla/paradise/index.php/variety-of-beers.html]
[demo.hot-themes.com/joomla/paradise/index.php/99-exotic-coctails.html]
[demo.hot-themes.com/joomla/paradise/index.php/pool-beach-service.html]
[demo.hot-themes.com/joomla/paradise/index.php/night-bar.html]
[demo.hot-themes.com/joomla/paradise/index.php/organized-beach.html]
[demo.hot-themes.com/joomla/paradise/index.php/private-beaches.html]
[demo.hot-themes.com/joomla/paradise/index.php/aqualandia-park.html]
[demo.hot-themes.com/joomla/paradise/index.php/classic-pools.html]
[demo.hot-themes.com/joomla/paradise/index.php/pools-for-children.html]
[demo.hot-themes.com/joomla/paradise/templates/sparky_framework/js/sparky-footer-id83-180526075302.js]
[demo.hot-themes.com/joomla/paradise/index.html]
[demo.hot-themes.com/joomla/paradise/templates/sparky_framework/css/normalize.css]
[demo.hot-themes.com/joomla/paradise/media/jui/img/glyphicons-halflings.png]
[demo.hot-themes.com/joomla/paradise/media/jui/img/glyphicons-halflings-white.png]
[demo.hot-themes.com/joomla/paradise/media/jui/css/bootstrap.min.css]
[demo.hot-themes.com/joomla/paradise/templates/sparky_framework/css/icons/font-awesome.min.css]
[demo.hot-themes.com/joomla/paradise/templates/sparky_framework/images/counters_bg.jpg]
[demo.hot-themes.com/joomla/paradise/templates/sparky_framework/images/typewriter_bg.png]
[demo.hot-themes.com/joomla/paradise/templates/sparky_framework/images/tinynav.png]
[demo.hot-themes.com/joomla/paradise/media/jui/fonts/IcoMoon.eot]
[demo.hot-themes.com/joomla/paradise/media/jui/fonts/IcoMoon.woff]
[demo.hot-themes.com/joomla/paradise/media/jui/fonts/IcoMoond41d.eot]
[demo.hot-themes.com/joomla/paradise/media/jui/fonts/IcoMoon.ttf]
[demo.hot-themes.com/joomla/paradise/media/jui/fonts/IcoMoon.svg]
[demo.hot-themes.com/joomla/paradise/templates/sparky_framework/images/custom/row_subheading_bg_white.png]
[demo.hot-themes.com/joomla/paradise/templates/sparky_framework/images/custom/icon1_white.png]
[demo.hot-themes.com/joomla/paradise/templates/sparky_framework/images/custom/icon2_white.png]
[demo.hot-themes.com/joomla/paradise/templates/sparky_framework/images/custom/icon3_white.png]
[demo.hot-themes.com/joomla/paradise/templates/sparky_framework/images/custom/icon4_white.png]
[demo.hot-themes.com/joomla/paradise/templates/sparky_framework/images/custom/icon5_white.png]
[demo.hot-themes.com/joomla/paradise/templates/sparky_framework/images/custom/icon1_red.png]
[demo.hot-themes.com/joomla/paradise/templates/sparky_framework/images/custom/icon2_red.png]
[demo.hot-themes.com/joomla/paradise/templates/sparky_framework/images/custom/icon3_red.png]
[demo.hot-themes.com/joomla/paradise/templates/sparky_framework/images/custom/icon4_red.png]
[demo.hot-themes.com/joomla/paradise/templates/sparky_framework/images/custom/icon5_red.png]
[demo.hot-themes.com/joomla/paradise/templates/sparky_framework/images/custom/small_heading_bg_grey.png]
[demo.hot-themes.com/joomla/paradise/templates/sparky_framework/images/custom/small_heading_bg_white.png]
[demo.hot-themes.com/joomla/paradise/templates/sparky_framework/images/custom/reserve_button_red.png]
[demo.hot-themes.com/joomla/paradise/templates/sparky_framework/images/custom/reserve_button_white.png]
[demo.hot-themes.com/joomla/paradise/templates/sparky_framework/images/custom/row_heading_bg_red.png]
[demo.hot-themes.com/joomla/paradise/templates/sparky_framework/images/custom/row_subheading_bg.png]
[demo.hot-themes.com/joomla/paradise/templates/sparky_framework/images/counters_bg_small.jpg]
[demo.hot-themes.com/joomla/paradise/templates/sparky_framework/css/sparky-id83-180526075302.css]
[demo.hot-themes.com/joomla/paradise/modules/mod_hot_counters/css/style.css]
[demo.hot-themes.com/joomla/paradise/modules/mod_hot_swipe_carousel/tmpl/style.css]
[demo.hot-themes.com/joomla/paradise/index-2.html]
[demo.hot-themes.com/joomla/paradise/images/hot_paradise.jpg]
[demo.hot-themes.com/joomla/paradise/index.php/component/search/index2b2e.html]
[demo.hot-themes.com/joomla/paradise/index.php/component/tags/tag/responsive.html]
[demo.hot-themes.com/joomla/paradise/index.php/component/tags/tag/sparky.html]
[demo.hot-themes.com/joomla/paradise/index.php/component/tags/tag/about.html]
[demo.hot-themes.com/joomla/paradise/index.php/about-us/38-promotions/179-discount-15-early-booking.html]
[demo.hot-themes.com/joomla/paradise/images/promotions/early_booking.jpg]
[demo.hot-themes.com/joomla/paradise/index.php/about-us/38-promotions/178-aqualandia-free-tickets.html]
[demo.hot-themes.com/joomla/paradise/images/promotions/aqua_park.jpg]
[demo.hot-themes.com/joomla/paradise/index.php/about-us.html]
[demo.hot-themes.com/joomla/paradise/modules/mod_hot_responsive_lightbox/tmpl/style.css]
[demo.hot-themes.com/joomla/paradise/index.php/component/search/indexcbc7.html]
[demo.hot-themes.com/joomla/paradise/modules/mod_hot_responsive_lightbox/js/imagelightbox.min.js]
[demo.hot-themes.com/joomla/paradise/modules/mod_hot_responsive_lightbox/js/hot_responsive_lightbox.js]
[demo.hot-themes.com/joomla/paradise/images/gallery/gallery_image01.jpg]
[demo.hot-themes.com/joomla/paradise/images/gallery/thumbs/thumb_gallery_image01.jpg]
[demo.hot-themes.com/joomla/paradise/images/gallery/gallery_image02.jpg]
[demo.hot-themes.com/joomla/paradise/images/gallery/thumbs/thumb_gallery_image02.jpg]
[demo.hot-themes.com/joomla/paradise/images/gallery/gallery_image03.jpg]
[demo.hot-themes.com/joomla/paradise/images/gallery/gallery_image04.jpg]
[demo.hot-themes.com/joomla/paradise/images/gallery/gallery_image05.jpg]
[demo.hot-themes.com/joomla/paradise/images/gallery/thumbs/thumb_gallery_image05.jpg]
[demo.hot-themes.com/joomla/paradise/images/gallery/gallery_image06.jpg]
[demo.hot-themes.com/joomla/paradise/images/gallery/thumbs/thumb_gallery_image06.jpg]
[demo.hot-themes.com/joomla/paradise/images/gallery/gallery_image07.jpg]
[demo.hot-themes.com/joomla/paradise/images/gallery/thumbs/thumb_gallery_image07.jpg]
[demo.hot-themes.com/joomla/paradise/images/gallery/gallery_image08.jpg]
[demo.hot-themes.com/joomla/paradise/images/gallery/gallery_image09.jpg]
[demo.hot-themes.com/joomla/paradise/images/gallery/thumbs/thumb_gallery_image09.jpg]
[demo.hot-themes.com/joomla/paradise/images/gallery/gallery_image10.jpg]
[demo.hot-themes.com/joomla/paradise/images/gallery/thumbs/thumb_gallery_image10.jpg]
[demo.hot-themes.com/joomla/paradise/images/gallery/gallery_image11.jpg]
[demo.hot-themes.com/joomla/paradise/images/gallery/thumbs/thumb_gallery_image11.jpg]
[demo.hot-themes.com/joomla/paradise/images/gallery/gallery_image12.jpg]
[demo.hot-themes.com/joomla/paradise/images/gallery/thumbs/thumb_gallery_image12.jpg]
[demo.hot-themes.com/joomla/paradise/index.php/gallery/38-promotions/179-discount-15-early-booking.html]
[demo.hot-themes.com/joomla/paradise/index.php/gallery.html]
[demo.hot-themes.com/joomla/paradise/index.php/gallery/38-promotions/178-aqualandia-free-tickets.html]
[demo.hot-themes.com/joomla/paradise/index.php/features/extensions/hot-swipe-carousel/38-promotions/179-discount-15-early-booking.html]
[demo.hot-themes.com/joomla/paradise/index.php/component/search/index06eb.html]
[demo.hot-themes.com/joomla/paradise/index.php/features/extensions/hot-swipe-carousel.html]
[demo.hot-themes.com/joomla/paradise/index.php/features/extensions/hot-swipe-carousel/38-promotions/178-aqualandia-free-tickets.html]
[demo.hot-themes.com/joomla/paradise/index.php/component/search/indexded2.html]
[demo.hot-themes.com/joomla/paradise/index.php/features/extensions/hot-responsive-lightbox/38-promotions/179-discount-15-early-booking.html]
[demo.hot-themes.com/joomla/paradise/index.php/features/extensions/hot-responsive-lightbox.html]
[demo.hot-themes.com/joomla/paradise/index.php/features/extensions/hot-responsive-lightbox/38-promotions/178-aqualandia-free-tickets.html]
[demo.hot-themes.com/joomla/paradise/modules/mod_hot_slicebox/tmpl/style.css]
[demo.hot-themes.com/joomla/paradise/modules/mod_hot_slicebox/js/modernizr.custom.46884.js]
[demo.hot-themes.com/joomla/paradise/index.php/component/search/index61fc.html]
[demo.hot-themes.com/joomla/paradise/modules/mod_hot_slicebox/js/jquery.slicebox.js]
[demo.hot-themes.com/joomla/paradise/index.php/features/extensions/hot-slicebox/38-promotions/179-discount-15-early-booking.html]
[demo.hot-themes.com/joomla/paradise/index.php/features/extensions/hot-slicebox.html]
[demo.hot-themes.com/joomla/paradise/index.php/features/extensions/hot-slicebox/38-promotions/178-aqualandia-free-tickets.html]
[demo.hot-themes.com/joomla/paradise/modules/mod_hot_maps/tmpl/hot_maps.css]
[demo.hot-themes.com/joomla/paradise/index.php/component/search/indexdb96.html]
[demo.hot-themes.com/joomla/paradise/images/sampledata/hot_maps.jpg]
[demo.hot-themes.com/joomla/paradise/index.php/features/extensions/hot-maps/38-promotions/179-discount-15-early-booking.html]
[demo.hot-themes.com/joomla/paradise/index.php/features/extensions/hot-maps.html]
[demo.hot-themes.com/joomla/paradise/index.php/features/extensions/hot-maps/38-promotions/178-aqualandia-free-tickets.html]
[demo.hot-themes.com/joomla/paradise/index.php/component/search/index8449.html]
[demo.hot-themes.com/joomla/paradise/index.php/features/extensions/hot-counters/38-promotions/179-discount-15-early-booking.html]
[demo.hot-themes.com/joomla/paradise/index.php/features/extensions/hot-counters.html]
[demo.hot-themes.com/joomla/paradise/index.php/features/extensions/hot-counters/38-promotions/178-aqualandia-free-tickets.html]
[demo.hot-themes.com/joomla/paradise/images/colors.jpg]
[demo.hot-themes.com/joomla/paradise/index.php/component/search/index8ac6.html]
[demo.hot-themes.com/joomla/paradise/index.php/features/infinite-color-schemes/38-promotions/179-discount-15-early-booking.html]
[demo.hot-themes.com/joomla/paradise/index.php/features/infinite-color-schemes.html]
[demo.hot-themes.com/joomla/paradise/index.php/features/infinite-color-schemes/38-promotions/178-aqualandia-free-tickets.html]
[demo.hot-themes.com/joomla/paradise/indexa284.php]
[demo.hot-themes.com/joomla/paradise/index7b10.php]
[demo.hot-themes.com/joomla/paradise/templates/sparky_framework/css/styles/style1.css]
[demo.hot-themes.com/joomla/paradise/indexa998.html]
[demo.hot-themes.com/joomla/paradise/indexd149.php]
[demo.hot-themes.com/joomla/paradise/index.php/component/search/index07b9.html]
[demo.hot-themes.com/joomla/paradise/indexa10d.php]
[demo.hot-themes.com/joomla/paradise/templates/sparky_framework/css/styles/style2.css]
[demo.hot-themes.com/joomla/paradise/index655a.html]
[demo.hot-themes.com/joomla/paradise/index.php/component/search/indexae19.html]
[demo.hot-themes.com/joomla/paradise/indexfd75.php]
[demo.hot-themes.com/joomla/paradise/indexe0d1.php]
[demo.hot-themes.com/joomla/paradise/templates/sparky_framework/css/styles/style3.css]
[demo.hot-themes.com/joomla/paradise/index28f0.html]
[demo.hot-themes.com/joomla/paradise/index.php/component/search/index3c8e.html]
[demo.hot-themes.com/joomla/paradise/index2189.php]
[demo.hot-themes.com/joomla/paradise/index41fe.php]
[demo.hot-themes.com/joomla/paradise/templates/sparky_framework/css/styles/style4.css]
[demo.hot-themes.com/joomla/paradise/index2262.html]
[demo.hot-themes.com/joomla/paradise/index.php/component/search/index1cee.html]
[demo.hot-themes.com/joomla/paradise/index.php/component/search/indexd9ed.html]
[demo.hot-themes.com/joomla/paradise/index.php/features/drop-down-menu/38-promotions/179-discount-15-early-booking.html]
[demo.hot-themes.com/joomla/paradise/index.php/features/drop-down-menu.html]
[demo.hot-themes.com/joomla/paradise/index.php/features/drop-down-menu/38-promotions/178-aqualandia-free-tickets.html]
[demo.hot-themes.com/joomla/paradise/index.php/component/search/indexcfb1.html]
[demo.hot-themes.com/joomla/paradise/index.php/features/installation-and-usage/38-promotions/179-discount-15-early-booking.html]
[demo.hot-themes.com/joomla/paradise/index.php/features/installation-and-usage.html]
[demo.hot-themes.com/joomla/paradise/index.php/features/installation-and-usage/38-promotions/178-aqualandia-free-tickets.html]
[demo.hot-themes.com/joomla/paradise/images/module_positions.jpg]
[demo.hot-themes.com/joomla/paradise/index.php/component/search/indexb599.html]
[demo.hot-themes.com/joomla/paradise/images/sparky_layout.jpg]
[demo.hot-themes.com/joomla/paradise/index.php/features/module-positions/38-promotions/179-discount-15-early-booking.html]
[demo.hot-themes.com/joomla/paradise/index.php/features/module-positions.html]
[demo.hot-themes.com/joomla/paradise/index.php/features/module-positions/38-promotions/178-aqualandia-free-tickets.html]
[demo.hot-themes.com/joomla/paradise/images/noConflict.jpg]
[demo.hot-themes.com/joomla/paradise/index.php/component/search/indexc943.html]
[demo.hot-themes.com/joomla/paradise/index.php/features/no-conflicts/38-promotions/179-discount-15-early-booking.html]
[demo.hot-themes.com/joomla/paradise/index.php/features/no-conflicts/38-promotions/178-aqualandia-free-tickets.html]
[demo.hot-themes.com/joomla/paradise/index.php/features/no-conflicts.html]
[demo.hot-themes.com/joomla/paradise/index.php/component/search/indexa4c2.html]
[demo.hot-themes.com/joomla/paradise/images/seo-optimized.jpg]
[demo.hot-themes.com/joomla/paradise/index.php/features/seo-friendly/38-promotions/179-discount-15-early-booking.html]
[demo.hot-themes.com/joomla/paradise/index.php/features/seo-friendly.html]
[demo.hot-themes.com/joomla/paradise/index.php/features/seo-friendly/38-promotions/178-aqualandia-free-tickets.html]
[demo.hot-themes.com/joomla/paradise/index.php/features/search-sitef758]
[demo.hot-themes.com/joomla/paradise/media/jui/css/chosen0ba0.css]
[demo.hot-themes.com/joomla/paradise/index.php/38-promotions/179-discount-15-early-booking.html]
[demo.hot-themes.com/joomla/paradise/media/jui/js/chosen.jquery.min0ba0.js]
[demo.hot-themes.com/joomla/paradise/index.php/features/search-site.html]
[demo.hot-themes.com/joomla/paradise/index.php/38-promotions/178-aqualandia-free-tickets.html]
[demo.hot-themes.com/joomla/paradise/images/typography.jpg]
[demo.hot-themes.com/joomla/paradise/index.php/component/search/indexc9dc.html]
[demo.hot-themes.com/joomla/paradise/index.php/features/typography/38-promotions/179-discount-15-early-booking.html]
[demo.hot-themes.com/joomla/paradise/index.php/features/typography.html]
[demo.hot-themes.com/joomla/paradise/index.php/features/typography/38-promotions/178-aqualandia-free-tickets.html]
[demo.hot-themes.com/joomla/paradise/index.php/blogc0d0]
[demo.hot-themes.com/joomla/paradise/index.php/blog7b17]
[demo.hot-themes.com/joomla/paradise/index.php/blog/180-beach-volley.html]
[demo.hot-themes.com/joomla/paradise/index.php/component/search/index5798.html]
[demo.hot-themes.com/joomla/paradise/images/blog/beach_volley.jpg]
[demo.hot-themes.com/joomla/paradise/index.php/blog/38-promotions/179-discount-15-early-booking.html]
[demo.hot-themes.com/joomla/paradise/index.php/blog/38-promotions/178-aqualandia-free-tickets.html]
[demo.hot-themes.com/joomla/paradise/index.php/blog.html]
[demo.hot-themes.com/joomla/paradise/index.php/component/search/indexda79.html]
[demo.hot-themes.com/joomla/paradise/media/system/js/core0ba0.js]
[demo.hot-themes.com/joomla/paradise/media/system/js/keepalive0ba0.js]
[demo.hot-themes.com/joomla/paradise/media/system/js/punycode0ba0.js]
[demo.hot-themes.com/joomla/paradise/media/system/js/validate0ba0.js]
[demo.hot-themes.com/joomla/paradise/media/contacts/images/con_address.png]
[demo.hot-themes.com/joomla/paradise/media/contacts/images/con_tel.png]
[demo.hot-themes.com/joomla/paradise/index.php/contact-us.html]
[demo.hot-themes.com/joomla/paradise/index.php/beaches-poolsc0d0]
[demo.hot-themes.com/joomla/paradise/index.php/beaches-pools7b17]
[demo.hot-themes.com/joomla/paradise/images/blog/beach.jpg]
[demo.hot-themes.com/joomla/paradise/index.php/component/search/index5c94.html]
[demo.hot-themes.com/joomla/paradise/images/blog/cocktail.jpg]
[demo.hot-themes.com/joomla/paradise/images/blog/aqua_park.jpg]
[demo.hot-themes.com/joomla/paradise/images/blog/water.jpg]
[demo.hot-themes.com/joomla/paradise/index.php/beaches-pools/38-promotions/179-discount-15-early-booking.html]
[demo.hot-themes.com/joomla/paradise/index.php/beaches-pools.html]
[demo.hot-themes.com/joomla/paradise/index.php/beaches-pools/38-promotions/178-aqualandia-free-tickets.html]
[demo.hot-themes.com/joomla/paradise/index.php/delicious-foodc0d0]
[demo.hot-themes.com/joomla/paradise/index.php/delicious-food7b17]
[demo.hot-themes.com/joomla/paradise/index.php/component/search/index96e6.html]
[demo.hot-themes.com/joomla/paradise/images/blog/chinese_restaurant.jpg]
[demo.hot-themes.com/joomla/paradise/images/blog/pizza.jpg]
[demo.hot-themes.com/joomla/paradise/images/blog/pancakes.jpg]
[demo.hot-themes.com/joomla/paradise/index.php/delicious-food/38-promotions/179-discount-15-early-booking.html]
[demo.hot-themes.com/joomla/paradise/index.php/delicious-food.html]
[demo.hot-themes.com/joomla/paradise/index.php/delicious-food/38-promotions/178-aqualandia-free-tickets.html]
[demo.hot-themes.com/joomla/paradise/index.php/exotic-drinksc0d0]
[demo.hot-themes.com/joomla/paradise/index.php/exotic-drinks7b17]
[demo.hot-themes.com/joomla/paradise/images/blog/wine.jpg]
[demo.hot-themes.com/joomla/paradise/index.php/component/search/index8ce0.html]
[demo.hot-themes.com/joomla/paradise/images/blog/beer.jpg]
[demo.hot-themes.com/joomla/paradise/images/blog/pool.jpg]
[demo.hot-themes.com/joomla/paradise/images/blog/night_bar.jpg]
[demo.hot-themes.com/joomla/paradise/index.php/exotic-drinks/38-promotions/179-discount-15-early-booking.html]
[demo.hot-themes.com/joomla/paradise/index.php/exotic-drinks.html]
[demo.hot-themes.com/joomla/paradise/index.php/exotic-drinks/38-promotions/178-aqualandia-free-tickets.html]
[demo.hot-themes.com/joomla/paradise/index.php/sport-activitiesc0d0]
[demo.hot-themes.com/joomla/paradise/index.php/sport-activities7b17]
[demo.hot-themes.com/joomla/paradise/images/blog/scuba_diving.jpg]
[demo.hot-themes.com/joomla/paradise/index.php/component/search/index5ccf.html]
[demo.hot-themes.com/joomla/paradise/images/blog/tennis.jpg]
[demo.hot-themes.com/joomla/paradise/images/blog/billiard.jpg]
[demo.hot-themes.com/joomla/paradise/images/blog/darts.jpg]
[demo.hot-themes.com/joomla/paradise/index.php/sport-activities/38-promotions/179-discount-15-early-booking.html]
[demo.hot-themes.com/joomla/paradise/index.php/sport-activities.html]
[demo.hot-themes.com/joomla/paradise/index.php/sport-activities/38-promotions/178-aqualandia-free-tickets.html]
[demo.hot-themes.com/joomla/paradise/index.php/component/search/index1f52.html]
[demo.hot-themes.com/joomla/paradise/index.php/rooms-suites/38-promotions/179-discount-15-early-booking.html]
[demo.hot-themes.com/joomla/paradise/index.php/rooms-suites.html]
[demo.hot-themes.com/joomla/paradise/index.php/rooms-suites/38-promotions/178-aqualandia-free-tickets.html]
[demo.hot-themes.com/joomla/paradise/index.php/component/search/indexbea5.html]
[demo.hot-themes.com/joomla/paradise/index.php/restaurant/38-promotions/179-discount-15-early-booking.html]
[demo.hot-themes.com/joomla/paradise/index.php/restaurant.html]
[demo.hot-themes.com/joomla/paradise/index.php/restaurant/38-promotions/178-aqualandia-free-tickets.html]
[demo.hot-themes.com/joomla/paradise/index.php/component/tags/tag/sample.html]
[demo.hot-themes.com/joomla/paradise/index.php/component/search/indexff20.html]
[demo.hot-themes.com/joomla/paradise/index.php/component/tags/tag/demo.html]
[demo.hot-themes.com/joomla/paradise/index.php/beach-volley/38-promotions/179-discount-15-early-booking.html]
[demo.hot-themes.com/joomla/paradise/index.php/beach-volley.html]
[demo.hot-themes.com/joomla/paradise/index.php/beach-volley/38-promotions/178-aqualandia-free-tickets.html]
[demo.hot-themes.com/joomla/paradise/index.php/component/search/index997f.html]
[demo.hot-themes.com/joomla/paradise/index.php/scuba-diving-school/38-promotions/179-discount-15-early-booking.html]
[demo.hot-themes.com/joomla/paradise/index.php/scuba-diving-school.html]
[demo.hot-themes.com/joomla/paradise/index.php/scuba-diving-school/38-promotions/178-aqualandia-free-tickets.html]
[demo.hot-themes.com/joomla/paradise/index.php/component/search/index9c6f.html]
[demo.hot-themes.com/joomla/paradise/index.php/swimming-deep-diving/38-promotions/179-discount-15-early-booking.html]
[demo.hot-themes.com/joomla/paradise/index.php/swimming-deep-diving.html]
[demo.hot-themes.com/joomla/paradise/index.php/swimming-deep-diving/38-promotions/178-aqualandia-free-tickets.html]
[demo.hot-themes.com/joomla/paradise/index.php/component/search/index2c22.html]
[demo.hot-themes.com/joomla/paradise/index.php/tennis-courts-equippment/38-promotions/179-discount-15-early-booking.html]
[demo.hot-themes.com/joomla/paradise/index.php/tennis-courts-equippment.html]
[demo.hot-themes.com/joomla/paradise/index.php/tennis-courts-equippment/38-promotions/178-aqualandia-free-tickets.html]
[demo.hot-themes.com/joomla/paradise/index.php/component/search/indexcd00.html]
[demo.hot-themes.com/joomla/paradise/index.php/billiard-snooker-tables/38-promotions/179-discount-15-early-booking.html]
[demo.hot-themes.com/joomla/paradise/index.php/billiard-snooker-tables.html]
[demo.hot-themes.com/joomla/paradise/index.php/billiard-snooker-tables/38-promotions/178-aqualandia-free-tickets.html]
[demo.hot-themes.com/joomla/paradise/index.php/component/search/indexed2f.html]
[demo.hot-themes.com/joomla/paradise/index.php/darts-tournments/38-promotions/179-discount-15-early-booking.html]
[demo.hot-themes.com/joomla/paradise/index.php/darts-tournments.html]
[demo.hot-themes.com/joomla/paradise/index.php/darts-tournments/38-promotions/178-aqualandia-free-tickets.html]
[demo.hot-themes.com/joomla/paradise/index.php/component/search/indexa3b3.html]
[demo.hot-themes.com/joomla/paradise/index.php/main-restaurant/38-promotions/179-discount-15-early-booking.html]
[demo.hot-themes.com/joomla/paradise/index.php/main-restaurant.html]
[demo.hot-themes.com/joomla/paradise/index.php/main-restaurant/38-promotions/178-aqualandia-free-tickets.html]
[demo.hot-themes.com/joomla/paradise/index.php/chinese-restaurant/38-promotions/179-discount-15-early-booking.html]
[demo.hot-themes.com/joomla/paradise/index.php/component/search/indexb528.html]
[demo.hot-themes.com/joomla/paradise/index.php/chinese-restaurant.html]
[demo.hot-themes.com/joomla/paradise/index.php/chinese-restaurant/38-promotions/178-aqualandia-free-tickets.html]
[demo.hot-themes.com/joomla/paradise/index.php/pizzeria-italian-food/38-promotions/179-discount-15-early-booking.html]
[demo.hot-themes.com/joomla/paradise/index.php/component/search/indexe1b0.html]
[demo.hot-themes.com/joomla/paradise/index.php/pizzeria-italian-food.html]
[demo.hot-themes.com/joomla/paradise/index.php/pizzeria-italian-food/38-promotions/178-aqualandia-free-tickets.html]
[demo.hot-themes.com/joomla/paradise/index.php/component/search/index9a9c.html]
[demo.hot-themes.com/joomla/paradise/index.php/fast-food-drink-bars/38-promotions/179-discount-15-early-booking.html]
[demo.hot-themes.com/joomla/paradise/index.php/fast-food-drink-bars.html]
[demo.hot-themes.com/joomla/paradise/index.php/fast-food-drink-bars/38-promotions/178-aqualandia-free-tickets.html]
[demo.hot-themes.com/joomla/paradise/index.php/component/search/indexa6a9.html]
[demo.hot-themes.com/joomla/paradise/index.php/a-la-cart-restaurants/38-promotions/179-discount-15-early-booking.html]
[demo.hot-themes.com/joomla/paradise/index.php/a-la-cart-restaurants.html]
[demo.hot-themes.com/joomla/paradise/index.php/a-la-cart-restaurants/38-promotions/178-aqualandia-free-tickets.html]
[demo.hot-themes.com/joomla/paradise/index.php/component/search/index6b18.html]
[demo.hot-themes.com/joomla/paradise/index.php/local-organic-winery/38-promotions/179-discount-15-early-booking.html]
[demo.hot-themes.com/joomla/paradise/index.php/local-organic-winery.html]
[demo.hot-themes.com/joomla/paradise/index.php/local-organic-winery/38-promotions/178-aqualandia-free-tickets.html]
[demo.hot-themes.com/joomla/paradise/index.php/component/search/indexbc6f.html]
[demo.hot-themes.com/joomla/paradise/index.php/variety-of-beers/38-promotions/179-discount-15-early-booking.html]
[demo.hot-themes.com/joomla/paradise/index.php/variety-of-beers.html]
[demo.hot-themes.com/joomla/paradise/index.php/variety-of-beers/38-promotions/178-aqualandia-free-tickets.html]
[demo.hot-themes.com/joomla/paradise/index.php/component/search/indexbe69.html]
[demo.hot-themes.com/joomla/paradise/index.php/99-exotic-coctails/38-promotions/179-discount-15-early-booking.html]
[demo.hot-themes.com/joomla/paradise/index.php/99-exotic-coctails.html]
[demo.hot-themes.com/joomla/paradise/index.php/99-exotic-coctails/38-promotions/178-aqualandia-free-tickets.html]
[demo.hot-themes.com/joomla/paradise/index.php/component/search/index6ae3.html]
[demo.hot-themes.com/joomla/paradise/index.php/pool-beach-service/38-promotions/179-discount-15-early-booking.html]
[demo.hot-themes.com/joomla/paradise/index.php/pool-beach-service.html]
[demo.hot-themes.com/joomla/paradise/index.php/pool-beach-service/38-promotions/178-aqualandia-free-tickets.html]
[demo.hot-themes.com/joomla/paradise/index.php/component/search/index2fd7.html]
[demo.hot-themes.com/joomla/paradise/index.php/night-bar/38-promotions/179-discount-15-early-booking.html]
[demo.hot-themes.com/joomla/paradise/index.php/night-bar.html]
[demo.hot-themes.com/joomla/paradise/index.php/night-bar/38-promotions/178-aqualandia-free-tickets.html]
[demo.hot-themes.com/joomla/paradise/index.php/component/search/index0a27.html]
[demo.hot-themes.com/joomla/paradise/index.php/organized-beach/38-promotions/179-discount-15-early-booking.html]
[demo.hot-themes.com/joomla/paradise/index.php/organized-beach.html]
[demo.hot-themes.com/joomla/paradise/index.php/organized-beach/38-promotions/178-aqualandia-free-tickets.html]
[demo.hot-themes.com/joomla/paradise/index.php/component/search/index9b13.html]
[demo.hot-themes.com/joomla/paradise/index.php/private-beaches/38-promotions/179-discount-15-early-booking.html]
[demo.hot-themes.com/joomla/paradise/index.php/private-beaches.html]
[demo.hot-themes.com/joomla/paradise/index.php/private-beaches/38-promotions/178-aqualandia-free-tickets.html]
[demo.hot-themes.com/joomla/paradise/index.php/component/search/index4e04.html]
[demo.hot-themes.com/joomla/paradise/index.php/aqualandia-park/38-promotions/179-discount-15-early-booking.html]
[demo.hot-themes.com/joomla/paradise/index.php/aqualandia-park.html]
[demo.hot-themes.com/joomla/paradise/index.php/aqualandia-park/38-promotions/178-aqualandia-free-tickets.html]
[demo.hot-themes.com/joomla/paradise/index.php/component/search/index0573.html]
[demo.hot-themes.com/joomla/paradise/index.php/classic-pools/38-promotions/179-discount-15-early-booking.html]
[demo.hot-themes.com/joomla/paradise/index.php/classic-pools.html]
[demo.hot-themes.com/joomla/paradise/index.php/classic-pools/38-promotions/178-aqualandia-free-tickets.html]
[demo.hot-themes.com/joomla/paradise/index.php/component/search/indexea2c.html]
[demo.hot-themes.com/joomla/paradise/index.php/pools-for-children/38-promotions/179-discount-15-early-booking.html]
[demo.hot-themes.com/joomla/paradise/index.php/pools-for-children.html]
[demo.hot-themes.com/joomla/paradise/index.php/pools-for-children/38-promotions/178-aqualandia-free-tickets.html]
[demo.hot-themes.com/joomla/paradise/templates/sparky_framework/css/fonts/fontawesome-webfont3e6e.eot]
[demo.hot-themes.com/joomla/paradise/templates/sparky_framework/css/fonts/fontawesome-webfontd41d.eot]
[demo.hot-themes.com/joomla/paradise/templates/sparky_framework/css/fonts/fontawesome-webfont3e6e.woff2]
[demo.hot-themes.com/joomla/paradise/templates/sparky_framework/css/fonts/fontawesome-webfont3e6e.woff]
[demo.hot-themes.com/joomla/paradise/templates/sparky_framework/css/fonts/fontawesome-webfont3e6e.svg]
[demo.hot-themes.com/joomla/paradise/templates/sparky_framework/css/icons/font-awesome.min.css]
[demo.hot-themes.com/joomla/paradise/media/jui/fonts/IcoMoon.svg]
[demo.hot-themes.com/joomla/paradise/index.php/component/tags/tag/responsivec0d0]
[demo.hot-themes.com/joomla/paradise/index.php/component/tags/tag/responsive7b17]
[demo.hot-themes.com/joomla/paradise/index.php/component/tags/tag/responsive.html]
[demo.hot-themes.com/joomla/paradise/index.php/component/search/index014b.html]
[demo.hot-themes.com/joomla/paradise/index.php/component/tags/tag/sparkyc0d0]
[demo.hot-themes.com/joomla/paradise/index.php/component/tags/tag/sparky7b17]
[demo.hot-themes.com/joomla/paradise/index.php/component/tags/tag/sparky.html]
[demo.hot-themes.com/joomla/paradise/index.php/component/search/index862d.html]
[demo.hot-themes.com/joomla/paradise/index.php/component/tags/tag/aboutc0d0]
[demo.hot-themes.com/joomla/paradise/index.php/component/tags/tag/about7b17]
[demo.hot-themes.com/joomla/paradise/index.php/component/tags/tag/about.html]
[demo.hot-themes.com/joomla/paradise/index.php/about-us/38-promotions/179-discount-15-early-booking.html]
[demo.hot-themes.com/joomla/paradise/index.php/component/search/indexcf02.html]
[demo.hot-themes.com/joomla/paradise/index.php/about-us/38-promotions/178-aqualandia-free-tickets.html]
[demo.hot-themes.com/joomla/paradise/modules/mod_hot_responsive_lightbox/tmpl/style.css]
[demo.hot-themes.com/joomla/paradise/index.php/component/search/indexa35d.html]
[demo.hot-themes.com/joomla/paradise/index.php/component/search/index8dc5.html]
[demo.hot-themes.com/joomla/paradise/images/gallery/thumbs/thumb_gallery_image03.jpg]
[demo.hot-themes.com/joomla/paradise/index.php/gallery/38-promotions/179-discount-15-early-booking.html]
[demo.hot-themes.com/joomla/paradise/images/gallery/thumbs/thumb_gallery_image04.jpg]
[demo.hot-themes.com/joomla/paradise/index.php/gallery/38-promotions/178-aqualandia-free-tickets.html]
[demo.hot-themes.com/joomla/paradise/images/gallery/thumbs/thumb_gallery_image08.jpg]
[demo.hot-themes.com/joomla/paradise/index.php/component/search/indexb54e.html]
[demo.hot-themes.com/joomla/paradise/index.php/features/extensions/hot-swipe-carousel/38-promotions/179-discount-15-early-booking.html]
[demo.hot-themes.com/joomla/paradise/index.php/component/search/indexa00e.html]
[demo.hot-themes.com/joomla/paradise/index.php/features/extensions/hot-swipe-carousel/38-promotions/178-aqualandia-free-tickets.html]
[demo.hot-themes.com/joomla/paradise/index.php/features/extensions/hot-responsive-lightbox/38-promotions/179-discount-15-early-booking.html]
[demo.hot-themes.com/joomla/paradise/index.php/features/extensions/hot-responsive-lightbox/38-promotions/178-aqualandia-free-tickets.html]
[demo.hot-themes.com/joomla/paradise/index.php/component/search/indexa10e.html]
[demo.hot-themes.com/joomla/paradise/index.php/component/search/indexd0e8.html]
[demo.hot-themes.com/joomla/paradise/index.php/component/search/index6191.html]
[demo.hot-themes.com/joomla/paradise/index.php/component/search/indexbb28.html]
[demo.hot-themes.com/joomla/paradise/modules/mod_hot_slicebox/images/options.png]
[demo.hot-themes.com/joomla/paradise/modules/mod_hot_slicebox/tmpl/style.css]
[demo.hot-themes.com/joomla/paradise/index.php/features/extensions/hot-slicebox/38-promotions/179-discount-15-early-booking.html]
[demo.hot-themes.com/joomla/paradise/index.php/features/extensions/hot-slicebox/38-promotions/178-aqualandia-free-tickets.html]
[demo.hot-themes.com/joomla/paradise/modules/mod_hot_maps/tmpl/hot_maps.css]
[demo.hot-themes.com/joomla/paradise/index.php/features/extensions/hot-maps/38-promotions/179-discount-15-early-booking.html]
[demo.hot-themes.com/joomla/paradise/index.php/features/extensions/hot-maps/38-promotions/178-aqualandia-free-tickets.html]
[demo.hot-themes.com/joomla/paradise/index.php/component/search/indexe8c9.html]
[demo.hot-themes.com/joomla/paradise/index.php/features/extensions/hot-counters/38-promotions/179-discount-15-early-booking.html]
[demo.hot-themes.com/joomla/paradise/index.php/component/search/index0a90.html]
[demo.hot-themes.com/joomla/paradise/index.php/features/extensions/hot-counters/38-promotions/178-aqualandia-free-tickets.html]
[demo.hot-themes.com/joomla/paradise/index.php/component/search/indexe0dd.html]
[demo.hot-themes.com/joomla/paradise/index.php/component/search/index8d31.html]
[demo.hot-themes.com/joomla/paradise/index.php/component/search/index038c.html]
[demo.hot-themes.com/joomla/paradise/index.php/features/infinite-color-schemes/38-promotions/179-discount-15-early-booking.html]
[demo.hot-themes.com/joomla/paradise/index.php/features/infinite-color-schemes/38-promotions/178-aqualandia-free-tickets.html]
[demo.hot-themes.com/joomla/paradise/templates/sparky_framework/css/styles/style1.css]
[demo.hot-themes.com/joomla/paradise/index.php/component/search/index7ac5.html]
[demo.hot-themes.com/joomla/paradise/index.php/component/search/index0bf1.html]
[demo.hot-themes.com/joomla/paradise/index.php/component/search/index134a.html]
[demo.hot-themes.com/joomla/paradise/templates/sparky_framework/images/custom/reserve_button_green.png]
[demo.hot-themes.com/joomla/paradise/templates/sparky_framework/images/custom/row_heading_bg_green.png]
[demo.hot-themes.com/joomla/paradise/templates/sparky_framework/images/custom/icon1_green.png]
[demo.hot-themes.com/joomla/paradise/templates/sparky_framework/images/custom/icon2_green.png]
[demo.hot-themes.com/joomla/paradise/templates/sparky_framework/images/custom/icon3_green.png]
[demo.hot-themes.com/joomla/paradise/templates/sparky_framework/images/custom/icon4_green.png]
[demo.hot-themes.com/joomla/paradise/templates/sparky_framework/images/custom/icon5_green.png]
[demo.hot-themes.com/joomla/paradise/templates/sparky_framework/css/styles/style2.css]
[demo.hot-themes.com/joomla/paradise/templates/sparky_framework/images/custom/reserve_button_blue.png]
[demo.hot-themes.com/joomla/paradise/templates/sparky_framework/images/custom/row_heading_bg_blue.png]
[demo.hot-themes.com/joomla/paradise/templates/sparky_framework/images/custom/icon1_blue.png]
[demo.hot-themes.com/joomla/paradise/templates/sparky_framework/images/custom/icon2_blue.png]
[demo.hot-themes.com/joomla/paradise/templates/sparky_framework/images/custom/icon3_blue.png]
[demo.hot-themes.com/joomla/paradise/templates/sparky_framework/images/custom/icon4_blue.png]
[demo.hot-themes.com/joomla/paradise/templates/sparky_framework/images/custom/icon5_blue.png]
[demo.hot-themes.com/joomla/paradise/templates/sparky_framework/css/styles/style3.css]
[demo.hot-themes.com/joomla/paradise/templates/sparky_framework/images/custom/reserve_button_orange.png]
[demo.hot-themes.com/joomla/paradise/templates/sparky_framework/images/custom/row_heading_bg_orange.png]
[demo.hot-themes.com/joomla/paradise/templates/sparky_framework/images/custom/icon1_orange.png]
[demo.hot-themes.com/joomla/paradise/templates/sparky_framework/images/custom/icon2_orange.png]
[demo.hot-themes.com/joomla/paradise/templates/sparky_framework/images/custom/icon3_orange.png]
[demo.hot-themes.com/joomla/paradise/templates/sparky_framework/images/custom/icon4_orange.png]
[demo.hot-themes.com/joomla/paradise/templates/sparky_framework/images/custom/icon5_orange.png]
[demo.hot-themes.com/joomla/paradise/templates/sparky_framework/css/styles/style4.css]
[demo.hot-themes.com/joomla/paradise/index.php/features/drop-down-menu/38-promotions/179-discount-15-early-booking.html]
[demo.hot-themes.com/joomla/paradise/index.php/features/drop-down-menu/38-promotions/178-aqualandia-free-tickets.html]
[demo.hot-themes.com/joomla/paradise/index.php/features/installation-and-usage/38-promotions/179-discount-15-early-booking.html]
[demo.hot-themes.com/joomla/paradise/index.php/component/search/index2e27.html]
[demo.hot-themes.com/joomla/paradise/index.php/features/installation-and-usage/38-promotions/178-aqualandia-free-tickets.html]
[demo.hot-themes.com/joomla/paradise/index.php/component/search/index9159.html]
[demo.hot-themes.com/joomla/paradise/index.php/features/module-positions/38-promotions/179-discount-15-early-booking.html]
[demo.hot-themes.com/joomla/paradise/index.php/component/search/index771e.html]
[demo.hot-themes.com/joomla/paradise/index.php/features/module-positions/38-promotions/178-aqualandia-free-tickets.html]
[demo.hot-themes.com/joomla/paradise/index.php/component/search/index79d9.html]
[demo.hot-themes.com/joomla/paradise/index.php/features/no-conflicts/38-promotions/179-discount-15-early-booking.html]
[demo.hot-themes.com/joomla/paradise/index.php/component/search/indexf4ed.html]
[demo.hot-themes.com/joomla/paradise/index.php/features/no-conflicts/38-promotions/178-aqualandia-free-tickets.html]
[demo.hot-themes.com/joomla/paradise/index.php/component/search/index9a15.html]
[demo.hot-themes.com/joomla/paradise/index.php/features/seo-friendly/38-promotions/179-discount-15-early-booking.html]
[demo.hot-themes.com/joomla/paradise/index.php/component/search/index5bc0.html]
[demo.hot-themes.com/joomla/paradise/index.php/features/seo-friendly/38-promotions/178-aqualandia-free-tickets.html]
[demo.hot-themes.com/joomla/paradise/index.php/component/search/index9192.html]
[demo.hot-themes.com/joomla/paradise/index.php/component/search/indexb4af.html]
[demo.hot-themes.com/joomla/paradise/media/jui/css/chosen-sprite.png]
[demo.hot-themes.com/joomla/paradise/media/jui/css/chosen0ba0.css]
[demo.hot-themes.com/joomla/paradise/index.php/38-promotions/179-discount-15-early-booking.html]
[demo.hot-themes.com/joomla/paradise/index.php/component/search/index2eac.html]
[demo.hot-themes.com/joomla/paradise/index.php/38-promotions/178-aqualandia-free-tickets.html]
[demo.hot-themes.com/joomla/paradise/index.php/features/typography/38-promotions/179-discount-15-early-booking.html]
[demo.hot-themes.com/joomla/paradise/index.php/component/search/index8ae4.html]
[demo.hot-themes.com/joomla/paradise/index.php/features/typography/38-promotions/178-aqualandia-free-tickets.html]
[demo.hot-themes.com/joomla/paradise/index.php/blog/180-beach-volley.html]
[demo.hot-themes.com/joomla/paradise/index.php/component/search/index2edb.html]
[demo.hot-themes.com/joomla/paradise/index.php/blog/38-promotions/179-discount-15-early-booking.html]
[demo.hot-themes.com/joomla/paradise/index.php/component/search/index056d.html]
[demo.hot-themes.com/joomla/paradise/index.php/component/search/index763b.html]
[demo.hot-themes.com/joomla/paradise/index.php/component/search/index79bf.html]
[demo.hot-themes.com/joomla/paradise/index.php/blog/38-promotions/178-aqualandia-free-tickets.html]
[demo.hot-themes.com/joomla/paradise/index.php/beaches-pools/38-promotions/179-discount-15-early-booking.html]
[demo.hot-themes.com/joomla/paradise/index.php/beaches-pools/38-promotions/178-aqualandia-free-tickets.html]
[demo.hot-themes.com/joomla/paradise/index.php/component/search/index8a62.html]
[demo.hot-themes.com/joomla/paradise/index.php/delicious-food/38-promotions/179-discount-15-early-booking.html]
[demo.hot-themes.com/joomla/paradise/index.php/component/search/indexedb1.html]
[demo.hot-themes.com/joomla/paradise/index.php/component/search/index6140.html]
[demo.hot-themes.com/joomla/paradise/index.php/delicious-food/38-promotions/178-aqualandia-free-tickets.html]
[demo.hot-themes.com/joomla/paradise/index.php/exotic-drinks/38-promotions/179-discount-15-early-booking.html]
[demo.hot-themes.com/joomla/paradise/index.php/component/search/index5cce.html]
[demo.hot-themes.com/joomla/paradise/index.php/component/search/index209a.html]
[demo.hot-themes.com/joomla/paradise/index.php/exotic-drinks/38-promotions/178-aqualandia-free-tickets.html]
[demo.hot-themes.com/joomla/paradise/index.php/component/search/index9bc7.html]
[demo.hot-themes.com/joomla/paradise/index.php/component/search/indexd6f5.html]
[demo.hot-themes.com/joomla/paradise/index.php/sport-activities/38-promotions/179-discount-15-early-booking.html]
[demo.hot-themes.com/joomla/paradise/index.php/sport-activities/38-promotions/178-aqualandia-free-tickets.html]
[demo.hot-themes.com/joomla/paradise/index.php/component/search/index50b1.html]
[demo.hot-themes.com/joomla/paradise/index.php/component/search/index6469.html]
[demo.hot-themes.com/joomla/paradise/index.php/rooms-suites/38-promotions/179-discount-15-early-booking.html]
[demo.hot-themes.com/joomla/paradise/index.php/component/search/index29d4.html]
[demo.hot-themes.com/joomla/paradise/index.php/rooms-suites/38-promotions/178-aqualandia-free-tickets.html]
[demo.hot-themes.com/joomla/paradise/index.php/restaurant/38-promotions/179-discount-15-early-booking.html]
[demo.hot-themes.com/joomla/paradise/index.php/component/search/index890a.html]
[demo.hot-themes.com/joomla/paradise/index.php/restaurant/38-promotions/178-aqualandia-free-tickets.html]
[demo.hot-themes.com/joomla/paradise/index.php/component/search/index4b5d.html]
[demo.hot-themes.com/joomla/paradise/index.php/component/search/index449c.html]
[demo.hot-themes.com/joomla/paradise/index.php/component/search/index4071.html]
[demo.hot-themes.com/joomla/paradise/index.php/component/tags/tag/samplec0d0]
[demo.hot-themes.com/joomla/paradise/index.php/component/tags/tag/sample7b17]
[demo.hot-themes.com/joomla/paradise/index.php/component/tags/tag/sample.html]
[demo.hot-themes.com/joomla/paradise/index.php/component/tags/tag/sample5a94.html]
[demo.hot-themes.com/joomla/paradise/index.php/component/search/index80de.html]
[demo.hot-themes.com/joomla/paradise/index.php/component/tags/tag/democ0d0]
[demo.hot-themes.com/joomla/paradise/index.php/component/tags/tag/demo7b17]
[demo.hot-themes.com/joomla/paradise/index.php/component/tags/tag/demo.html]
[demo.hot-themes.com/joomla/paradise/index.php/beach-volley/38-promotions/179-discount-15-early-booking.html]
[demo.hot-themes.com/joomla/paradise/index.php/beach-volley/38-promotions/178-aqualandia-free-tickets.html]
[demo.hot-themes.com/joomla/paradise/index.php/component/search/index1c1c.html]
[demo.hot-themes.com/joomla/paradise/index.php/component/tags/tag/demo5a94.html]
[demo.hot-themes.com/joomla/paradise/index.php/scuba-diving-school/38-promotions/179-discount-15-early-booking.html]
[demo.hot-themes.com/joomla/paradise/index.php/component/search/indexec22.html]
[demo.hot-themes.com/joomla/paradise/index.php/scuba-diving-school/38-promotions/178-aqualandia-free-tickets.html]
[demo.hot-themes.com/joomla/paradise/index.php/component/search/index8c1c.html]
[demo.hot-themes.com/joomla/paradise/index.php/component/search/index20ac.html]
[demo.hot-themes.com/joomla/paradise/index.php/swimming-deep-diving/38-promotions/179-discount-15-early-booking.html]
[demo.hot-themes.com/joomla/paradise/index.php/swimming-deep-diving/38-promotions/178-aqualandia-free-tickets.html]
[demo.hot-themes.com/joomla/paradise/index.php/component/search/index25ae.html]
[demo.hot-themes.com/joomla/paradise/index.php/tennis-courts-equippment/38-promotions/179-discount-15-early-booking.html]
[demo.hot-themes.com/joomla/paradise/index.php/component/search/index6cb1.html]
[demo.hot-themes.com/joomla/paradise/index.php/tennis-courts-equippment/38-promotions/178-aqualandia-free-tickets.html]
[demo.hot-themes.com/joomla/paradise/index.php/component/search/indexdb82.html]
[demo.hot-themes.com/joomla/paradise/index.php/billiard-snooker-tables/38-promotions/179-discount-15-early-booking.html]
[demo.hot-themes.com/joomla/paradise/index.php/component/search/index80b4.html]
[demo.hot-themes.com/joomla/paradise/index.php/billiard-snooker-tables/38-promotions/178-aqualandia-free-tickets.html]
[demo.hot-themes.com/joomla/paradise/index.php/component/search/index4292.html]
[demo.hot-themes.com/joomla/paradise/index.php/darts-tournments/38-promotions/179-discount-15-early-booking.html]
[demo.hot-themes.com/joomla/paradise/index.php/component/search/index8e16.html]
[demo.hot-themes.com/joomla/paradise/index.php/darts-tournments/38-promotions/178-aqualandia-free-tickets.html]
[demo.hot-themes.com/joomla/paradise/index.php/component/search/index6c3c.html]
[demo.hot-themes.com/joomla/paradise/index.php/main-restaurant/38-promotions/179-discount-15-early-booking.html]
[demo.hot-themes.com/joomla/paradise/index.php/main-restaurant/38-promotions/178-aqualandia-free-tickets.html]
[demo.hot-themes.com/joomla/paradise/index.php/component/search/index8536.html]
[demo.hot-themes.com/joomla/paradise/index.php/component/search/index4975.html]
[demo.hot-themes.com/joomla/paradise/index.php/component/search/index931e.html]
[demo.hot-themes.com/joomla/paradise/index.php/chinese-restaurant/38-promotions/179-discount-15-early-booking.html]
[demo.hot-themes.com/joomla/paradise/index.php/chinese-restaurant/38-promotions/178-aqualandia-free-tickets.html]
[demo.hot-themes.com/joomla/paradise/index.php/component/search/index0b2c.html]
[demo.hot-themes.com/joomla/paradise/index.php/pizzeria-italian-food/38-promotions/179-discount-15-early-booking.html]
[demo.hot-themes.com/joomla/paradise/index.php/component/search/indexe958.html]
[demo.hot-themes.com/joomla/paradise/index.php/pizzeria-italian-food/38-promotions/178-aqualandia-free-tickets.html]
[demo.hot-themes.com/joomla/paradise/index.php/component/search/index4304.html]
[demo.hot-themes.com/joomla/paradise/index.php/fast-food-drink-bars/38-promotions/179-discount-15-early-booking.html]
[demo.hot-themes.com/joomla/paradise/index.php/component/search/index2bf0.html]
[demo.hot-themes.com/joomla/paradise/index.php/fast-food-drink-bars/38-promotions/178-aqualandia-free-tickets.html]
[demo.hot-themes.com/joomla/paradise/index.php/component/search/index4446.html]
[demo.hot-themes.com/joomla/paradise/index.php/a-la-cart-restaurants/38-promotions/179-discount-15-early-booking.html]
[demo.hot-themes.com/joomla/paradise/index.php/component/search/index4a46.html]
[demo.hot-themes.com/joomla/paradise/index.php/a-la-cart-restaurants/38-promotions/178-aqualandia-free-tickets.html]
[demo.hot-themes.com/joomla/paradise/index.php/component/search/indexc17e.html]
[demo.hot-themes.com/joomla/paradise/index.php/local-organic-winery/38-promotions/179-discount-15-early-booking.html]
[demo.hot-themes.com/joomla/paradise/index.php/component/search/indexc580.html]
[demo.hot-themes.com/joomla/paradise/index.php/local-organic-winery/38-promotions/178-aqualandia-free-tickets.html]
[demo.hot-themes.com/joomla/paradise/index.php/component/search/index5618.html]
[demo.hot-themes.com/joomla/paradise/index.php/variety-of-beers/38-promotions/179-discount-15-early-booking.html]
[demo.hot-themes.com/joomla/paradise/index.php/component/search/index2583.html]
[demo.hot-themes.com/joomla/paradise/index.php/variety-of-beers/38-promotions/178-aqualandia-free-tickets.html]
[demo.hot-themes.com/joomla/paradise/index.php/component/search/indexa4b5.html]
[demo.hot-themes.com/joomla/paradise/index.php/99-exotic-coctails/38-promotions/179-discount-15-early-booking.html]
[demo.hot-themes.com/joomla/paradise/index.php/component/search/indexec7b.html]
[demo.hot-themes.com/joomla/paradise/index.php/99-exotic-coctails/38-promotions/178-aqualandia-free-tickets.html]
[demo.hot-themes.com/joomla/paradise/index.php/component/search/indexf6d5.html]
[demo.hot-themes.com/joomla/paradise/index.php/pool-beach-service/38-promotions/179-discount-15-early-booking.html]
[demo.hot-themes.com/joomla/paradise/index.php/component/search/indexecbf.html]
[demo.hot-themes.com/joomla/paradise/index.php/pool-beach-service/38-promotions/178-aqualandia-free-tickets.html]
[demo.hot-themes.com/joomla/paradise/index.php/component/search/index60e8.html]
[demo.hot-themes.com/joomla/paradise/index.php/night-bar/38-promotions/179-discount-15-early-booking.html]
[demo.hot-themes.com/joomla/paradise/index.php/component/search/index21b5.html]
[demo.hot-themes.com/joomla/paradise/index.php/night-bar/38-promotions/178-aqualandia-free-tickets.html]
[demo.hot-themes.com/joomla/paradise/index.php/component/search/index5c8a.html]
[demo.hot-themes.com/joomla/paradise/index.php/organized-beach/38-promotions/179-discount-15-early-booking.html]
[demo.hot-themes.com/joomla/paradise/index.php/component/search/index7a09.html]
[demo.hot-themes.com/joomla/paradise/index.php/organized-beach/38-promotions/178-aqualandia-free-tickets.html]
[demo.hot-themes.com/joomla/paradise/index.php/component/search/index5834.html]
[demo.hot-themes.com/joomla/paradise/index.php/component/search/indexb58e.html]
[demo.hot-themes.com/joomla/paradise/index.php/private-beaches/38-promotions/179-discount-15-early-booking.html]
[demo.hot-themes.com/joomla/paradise/index.php/private-beaches/38-promotions/178-aqualandia-free-tickets.html]
[demo.hot-themes.com/joomla/paradise/index.php/aqualandia-park/38-promotions/179-discount-15-early-booking.html]
[demo.hot-themes.com/joomla/paradise/index.php/component/search/indexce8e.html]
[demo.hot-themes.com/joomla/paradise/index.php/component/search/indexeafc.html]
[demo.hot-themes.com/joomla/paradise/index.php/component/search/indexf7b4.html]
[demo.hot-themes.com/joomla/paradise/index.php/aqualandia-park/38-promotions/178-aqualandia-free-tickets.html]
[demo.hot-themes.com/joomla/paradise/index.php/classic-pools/38-promotions/179-discount-15-early-booking.html]
[demo.hot-themes.com/joomla/paradise/index.php/classic-pools/38-promotions/178-aqualandia-free-tickets.html]
[demo.hot-themes.com/joomla/paradise/index.php/component/search/index8261.html]
[demo.hot-themes.com/joomla/paradise/index.php/pools-for-children/38-promotions/179-discount-15-early-booking.html]
[demo.hot-themes.com/joomla/paradise/index.php/component/search/index9a16.html]
[demo.hot-themes.com/joomla/paradise/index.php/component/search/index96d7.html]
[demo.hot-themes.com/joomla/paradise/index.php/component/search/indexa9b7.html]
[demo.hot-themes.com/joomla/paradise/index.php/pools-for-children/38-promotions/178-aqualandia-free-tickets.html]
[demo.hot-themes.com/joomla/paradise/index.php/component/search/index56dc.html]
[demo.hot-themes.com/joomla/paradise/templates/sparky_framework/css/fonts/fontawesome-webfont3e6e.ttf]
[demo.hot-themes.com/joomla/paradise/index.php/component/search/index4927.html]
[demo.hot-themes.com/joomla/paradise/templates/sparky_framework/css/fonts/fontawesome-webfont3e6e.svg]
[demo.hot-themes.com/joomla/paradise/modules/mod_hot_slicebox/images/options.html]
[demo.hot-themes.com/joomla/paradise/index.php/component/tags/tag/sample5a94.html]
[demo.hot-themes.com/joomla/paradise/index.php/component/tags/tag/demo5a94.html]
